// Vitest Snapshot v1, https://vitest.dev/guide/snapshot.html

exports[`generator - github-build-matrix > with samples > should match matrix value 1`] = `
{
  "include": [
    {
      "default-environment": "prod",
      "java-version": "17",
      "job-name": "21-points",
      "jwt-secret-key": "ZjY4MTM4YjI5YzMwZjhjYjI2OTNkNTRjMWQ5Y2Q0Y2YwOWNmZTE2NzRmYzU3NTMwM2NjOTE3MTllOTM3MWRkMzcyYTljMjVmNmQ0Y2MxOTUzODc0MDhhMTlkMDIxMzI2YzQzZDM2ZDE3MmQ3NjVkODk3OTVmYzljYTQyZDNmMTQ=",
      "node-version": "22.14.0",
      "npm-version": "11.2.0",
      "os": "ubuntu-latest",
      "sample": "21-points",
      "sample-type": "jdl",
      "samples-group": "samples",
    },
    {
      "default-environment": "prod",
      "java-version": "17",
      "job-name": "flickr2",
      "jwt-secret-key": "ZjY4MTM4YjI5YzMwZjhjYjI2OTNkNTRjMWQ5Y2Q0Y2YwOWNmZTE2NzRmYzU3NTMwM2NjOTE3MTllOTM3MWRkMzcyYTljMjVmNmQ0Y2MxOTUzODc0MDhhMTlkMDIxMzI2YzQzZDM2ZDE3MmQ3NjVkODk3OTVmYzljYTQyZDNmMTQ=",
      "node-version": "22.14.0",
      "npm-version": "11.2.0",
      "os": "ubuntu-latest",
      "sample": "flickr2",
      "sample-type": "jdl",
      "samples-group": "samples",
    },
    {
      "default-environment": "prod",
      "java-version": "17",
      "job-name": "gateway-oauth2",
      "jwt-secret-key": "ZjY4MTM4YjI5YzMwZjhjYjI2OTNkNTRjMWQ5Y2Q0Y2YwOWNmZTE2NzRmYzU3NTMwM2NjOTE3MTllOTM3MWRkMzcyYTljMjVmNmQ0Y2MxOTUzODc0MDhhMTlkMDIxMzI2YzQzZDM2ZDE3MmQ3NjVkODk3OTVmYzljYTQyZDNmMTQ=",
      "node-version": "22.14.0",
      "npm-version": "11.2.0",
      "os": "ubuntu-latest",
      "sample": "gateway-oauth2",
      "sample-type": "jdl",
      "samples-group": "samples",
    },
    {
      "default-environment": "prod",
      "java-version": "17",
      "job-name": "monolith-jwt",
      "jwt-secret-key": "ZjY4MTM4YjI5YzMwZjhjYjI2OTNkNTRjMWQ5Y2Q0Y2YwOWNmZTE2NzRmYzU3NTMwM2NjOTE3MTllOTM3MWRkMzcyYTljMjVmNmQ0Y2MxOTUzODc0MDhhMTlkMDIxMzI2YzQzZDM2ZDE3MmQ3NjVkODk3OTVmYzljYTQyZDNmMTQ=",
      "node-version": "22.14.0",
      "npm-version": "11.2.0",
      "os": "ubuntu-latest",
      "sample": "monolith-jwt",
      "sample-type": "jdl",
      "samples-group": "samples",
    },
    {
      "default-environment": "prod",
      "java-version": "17",
      "job-name": "monolith-oauth2",
      "jwt-secret-key": "ZjY4MTM4YjI5YzMwZjhjYjI2OTNkNTRjMWQ5Y2Q0Y2YwOWNmZTE2NzRmYzU3NTMwM2NjOTE3MTllOTM3MWRkMzcyYTljMjVmNmQ0Y2MxOTUzODc0MDhhMTlkMDIxMzI2YzQzZDM2ZDE3MmQ3NjVkODk3OTVmYzljYTQyZDNmMTQ=",
      "node-version": "22.14.0",
      "npm-version": "11.2.0",
      "os": "ubuntu-latest",
      "sample": "monolith-oauth2",
      "sample-type": "jdl",
      "samples-group": "samples",
    },
    {
      "default-environment": "prod",
      "java-version": "17",
      "job-name": "reactive-oauth2",
      "jwt-secret-key": "ZjY4MTM4YjI5YzMwZjhjYjI2OTNkNTRjMWQ5Y2Q0Y2YwOWNmZTE2NzRmYzU3NTMwM2NjOTE3MTllOTM3MWRkMzcyYTljMjVmNmQ0Y2MxOTUzODc0MDhhMTlkMDIxMzI2YzQzZDM2ZDE3MmQ3NjVkODk3OTVmYzljYTQyZDNmMTQ=",
      "node-version": "22.14.0",
      "npm-version": "11.2.0",
      "os": "ubuntu-latest",
      "sample": "reactive-oauth2",
      "sample-type": "jdl",
      "samples-group": "samples",
    },
  ],
}
`;
